glucksmann_B exit 1
lepen_B exit 1
faure_R exit 1
lepen_R exit 1
faure_B exit 1
faure_A exit 1
attal_A exit 1
lepen_A exit 1
glucksmann_R exit 1
lisnard_A exit 1
lisnard_B exit 1
lisnard_R exit 1
attal_R exit 1
melenchon_A exit 1
melenchon_B exit 1
melenchon_R exit 1
attal_B exit 1
glucksmann_A exit 1
philippe_A exit 1
philippe_B exit 1
philippe_R exit 1
retailleau_B exit 1
retailleau_R exit 1
roussel_A exit 1
retailleau_A exit 1
roussel_B exit 1
roussel_R exit 1
ruffin_A exit 1
ruffin_B exit 1
ruffin_R exit 1
tondelier_A exit 1
tondelier_B exit 1
tondelier_R exit 1
zemmour_A exit 1
zemmour_B exit 1
zemmour_R exit 1
